// Jest Snapshot v1, https://goo.gl/fbAQLP

exports[`kosko generate --prod 1`] = `
"---
apiVersion: apps/v1
kind: Deployment
metadata:
  annotations:
    kapp.k14s.io/disable-default-ownership-label-rules: ''
    kapp.k14s.io/disable-default-label-scoping-rules: ''
    app.gitlab.com/app: socialgouv-fce
    app.gitlab.com/env: prod
    app.gitlab.com/env.name: prod
  labels:
    app: client
    application: fce
    owner: fce
    team: fce
  name: client
  namespace: fce
spec:
  replicas: 1
  selector:
    matchLabels:
      app: client
  template:
    metadata:
      annotations:
        kapp.k14s.io/disable-default-ownership-label-rules: ''
        kapp.k14s.io/disable-default-label-scoping-rules: ''
        app.gitlab.com/app: socialgouv-fce
        app.gitlab.com/env: prod
        app.gitlab.com/env.name: prod
      labels:
        app: client
        application: fce
        owner: fce
        team: fce
    spec:
      containers:
        - image: >-
            ghcr.io/socialgouv/fce/client:sha-0123456789abcdefghijklmnopqrstuvwxyz0123
          livenessProbe:
            failureThreshold: 6
            httpGet:
              path: /healthz
              port: http
            initialDelaySeconds: 30
            periodSeconds: 5
            timeoutSeconds: 5
          name: client
          ports:
            - containerPort: 80
              name: http
          readinessProbe:
            failureThreshold: 15
            httpGet:
              path: /healthz
              port: http
            initialDelaySeconds: 0
            periodSeconds: 5
            successThreshold: 1
            timeoutSeconds: 1
          resources:
            limits:
              cpu: 500m
              memory: 1280Mi
            requests:
              cpu: 100m
              memory: 128Mi
          startupProbe:
            failureThreshold: 12
            httpGet:
              path: /healthz
              port: http
            periodSeconds: 5
          envFrom:
            - configMapRef:
                name: client-env
---
apiVersion: v1
kind: ConfigMap
metadata:
  name: client-env
  annotations:
    kapp.k14s.io/disable-default-ownership-label-rules: ''
    kapp.k14s.io/disable-default-label-scoping-rules: ''
    app.gitlab.com/app: socialgouv-fce
    app.gitlab.com/env: prod
    app.gitlab.com/env.name: prod
  labels:
    application: fce
    owner: fce
    team: fce
  namespace: fce
data:
  REACT_APP_SEARCH_KEY: search-o4473eqn2fnyazad7wcxuve9
  REACT_APP_SEARCH_ENGINE_NAME: fce
  REACT_APP_SEARCH_ENDPOINT_BASE: https://appsearch.fce.fabrique.social.gouv.fr
  REACT_APP_MAINTENANCE: 'false'
---
apiVersion: v1
kind: Service
metadata:
  labels:
    app: client
    application: fce
    owner: fce
    team: fce
  name: client
  annotations:
    kapp.k14s.io/disable-default-ownership-label-rules: ''
    kapp.k14s.io/disable-default-label-scoping-rules: ''
    app.gitlab.com/app: socialgouv-fce
    app.gitlab.com/env: prod
    app.gitlab.com/env.name: prod
  namespace: fce
spec:
  ports:
    - name: http
      port: 80
      targetPort: 80
  selector:
    app: client
  type: ClusterIP
---
apiVersion: extensions/v1beta1
kind: Ingress
metadata:
  annotations:
    kubernetes.io/ingress.class: nginx
    certmanager.k8s.io/cluster-issuer: letsencrypt-prod
    kubernetes.io/tls-acme: 'true'
    kapp.k14s.io/disable-default-ownership-label-rules: ''
    kapp.k14s.io/disable-default-label-scoping-rules: ''
    app.gitlab.com/app: socialgouv-fce
    app.gitlab.com/env: prod
    app.gitlab.com/env.name: prod
  labels:
    app: client
    application: fce
    owner: fce
    team: fce
  name: client
  namespace: fce
spec:
  rules:
    - host: new-fce.fabrique.social.gouv.fr
      http:
        paths:
          - backend:
              serviceName: client
              servicePort: 80
            path: /
          - path: /api
            pathType: Prefix
            backend:
              serviceName: server
              servicePort: 80
  tls:
    - hosts:
        - new-fce.fabrique.social.gouv.fr
      secretName: client-crt
---
apiVersion: apps/v1
kind: Deployment
metadata:
  annotations:
    kapp.k14s.io/disable-default-ownership-label-rules: ''
    kapp.k14s.io/disable-default-label-scoping-rules: ''
    app.gitlab.com/app: socialgouv-fce
    app.gitlab.com/env: prod
    app.gitlab.com/env.name: prod
  labels:
    app: server
    application: fce
    owner: fce
    team: fce
  name: server
  namespace: fce
spec:
  replicas: 1
  selector:
    matchLabels:
      app: server
  template:
    metadata:
      annotations:
        kapp.k14s.io/disable-default-ownership-label-rules: ''
        kapp.k14s.io/disable-default-label-scoping-rules: ''
        app.gitlab.com/app: socialgouv-fce
        app.gitlab.com/env: prod
        app.gitlab.com/env.name: prod
      labels:
        app: server
        application: fce
        owner: fce
        team: fce
    spec:
      containers:
        - image: >-
            ghcr.io/socialgouv/fce/server:sha-0123456789abcdefghijklmnopqrstuvwxyz0123
          livenessProbe:
            failureThreshold: 6
            httpGet:
              path: /healthz
              port: http
            initialDelaySeconds: 30
            periodSeconds: 5
            timeoutSeconds: 5
          name: server
          ports:
            - containerPort: 3000
              name: http
          readinessProbe:
            failureThreshold: 15
            httpGet:
              path: /healthz
              port: http
            initialDelaySeconds: 0
            periodSeconds: 5
            successThreshold: 1
            timeoutSeconds: 1
          resources:
            limits:
              cpu: 500m
              memory: 1280Mi
            requests:
              cpu: 100m
              memory: 128Mi
          startupProbe:
            failureThreshold: 12
            httpGet:
              path: /healthz
              port: http
            periodSeconds: 5
          envFrom:
            - secretRef:
                name: server-env
            - configMapRef:
                name: server-env
---
apiVersion: bitnami.com/v1alpha1
kind: SealedSecret
metadata:
  annotations:
    kapp.k14s.io/disable-default-ownership-label-rules: ''
    kapp.k14s.io/disable-default-label-scoping-rules: ''
    app.gitlab.com/app: socialgouv-fce
    app.gitlab.com/env: prod
    app.gitlab.com/env.name: prod
  name: server-env
  namespace: fce
  labels:
    application: fce
    owner: fce
    team: fce
spec:
  encryptedData:
    PG_HOST: >-
      AgCxrlrMXky1hcePpZ3cvevtP6zszMbIDitlK1SYl2NFKWIt4tIT9SLeqMIbrhrxB6aEP5cAuaBs+M7CjUA48JLGp6Jo7jSi6nXXK/F+m5JxcpxAaRom+GzqNin21L+cbHnCrEOvHBDrEz1n8Lt5KylGilRTHJIsBNcDlzqkaZFLCf7a11C2tZIrX9zofvG9NJ75uPMoKUdrAmd78wDXss4oYaMEC2hobn6jNQ9EsdhgImnfYVBLohKhBJBGsnSKoWpJ1Z/lDyNjhCOVZ7yCLgzSZN6pu9kM411+rDjSzy1JziU5aALNla+taqnmlewI4G7UUiyOaavjeSbiKCBUvRMRfj8Y/yO6xjYux7/hSr3AUFPrA+6O1RTfKbEcbVfnQbk9QuIlqOWdVk5RDzWXjdI1kJNceKZZBntXio3+Y5RH0xklFx7vjS9HqfjI6DnfsIWYoNRWH9oqt3mFGejBfoOHYElf6vHNsujM+tbugKR90ur+yg9aFvxWTnZ4MmRB27iFq9DQ/T7QoXcfFiW6KqdLdYSBBNUpUu3ifKMOi8Lp5afk3BKS89Fmyg/cHZl8bDBxyKIf06AxK77QAAa2FjD/tNNlLKbVBu8fsmXTkshSBMCdZ1PBH0RTUSzjoI4bWXbnh4FoOpta6Tv2IW7b2LdcaRFt5L2aDYlE12qTLZm6aiTXzyaisH5N/WzSCLB509DLIgpDUHvsfwnsutX4qZuNjFPe1urtIckCijQT+WVoVoFLwg==
    PG_USER: >-
      AgCPC7fDpB1XT+XWoounjAEAnJDboPrVfsBCFY4KIYcR6IDUaXwlQbNxwrhubzLGDhYR+wJg1VZ9RC6polT8LYpNgRRzQS8VNtaU3HIyEKPqjRNyTpe2LxGsCkkuFrnLK3NImK/RK7uUWR1EEW3vH4UGDth7BVg1MBknHhIVq+1Uu04kkF3dHGmCDmNG5VoD+uIcKQtUxDeH7sm0JltaTpQQGWtD4RViJ5nqGukaTXBIMZXMeQghoGxaz/85FM+gn5vHWNEWDfSEZvWmjphhIr7LvZnIihxlOM+wiT6efJE8IjbhrLHQ9ZsL+B3wHilVEITCmtSH0hAmzfYsKW6pFgRZmgwlKFE5IbITa1jGcXrnj/fBaXoAvaNO5+VsdgJW1zFUkM5iOMPPHnx8qRoshAnhAYP8OpXemcxuSix+m+Ilw1im+ng/YHbl10uZtZ+MrnGZnxPZlY3Poc3I/ao6eFN13rUuZMSeoZmDTa/309OF3dZt8gnEjeNKXUXMYT0ftr6Dd56RXxxvpgKCl8uVV6E2IHPvnRQjTaefd7fvEfuEhYZ5ios8TSK8j9+GPRFy97zBc/JbPBAIt2nnukj8T2Om7Di4nxuKhrxuGatAYAdffBtJgiFhSxQy8nnsz5m7FYiBJEKICiWQTMItVIxOebUCu9Wb6SakX/jYab8+pkM4G8F1oujjch0qa4vrO53qFOnPF71tckNgtQ==
    PG_PASSWORD: >-
      AgCnj+BYR1dHjP3dJiyz0lvzVE0uRj3yq7w3iQL8jixXKleLIysmR5wkr1SxMezQx5+cRO2WqqQvfMnYOLOUhxvisvKkIOuDASOMZ5sGELkyGaPOz1t6yGOaH7RB1xVSJa6noMQh8TWYxO+jyvwkrNUFwW+GLkDNobki1K4mJ3i3TbjsI5mlLR4MACNAYb0JiqAgTqebAobnDkcv3byZFKU2kTBFOLYgo7AA9WaT9hUs3jgxKl2nOOG6f02f3BzCfXRPxbsD18m4G+nAWJYRggbV7tiGdNF52sP1yAHOFkZbLQtNKYHnCMIALE+cabRiWJSPSLan1e+7ZKq5uWmPk4lcoSPUAZGNloJd8SGbzI1xYDMr1lmSw9qfIN/EmhuIsEkxPY4oTLXuYd98KjBD4a40f3gKfXqt2YL2B1q1cBHUtOp6lm+NqOXW8swcldng8CAWlZjUeZVbIIwHYwKR9hmGbxJkIzM4NuVJUXkmhyb5NVwT2zJ6j5gwE/PNNSXWOUwbTxMYiX2+tYNkDQX1t4Nu+cMpEQPSmBUQOompqxEog6VKamoThsFEiG0miY5SO6H9lLZNEhOQQb/Ne8atJSTQTRsQPxU9HGOXFc9mF7ubxnoAp4lk/jQZ5PBDZ7/X21uo772uaNzkcC1+bFSBbtuxERbriHSjfgJC+GmaJS3kV5PEpBt0fqGc5wZzOzUNgB4YMEsPmLt9sXzyfIaSEUV7Wjzmfg==
    PG_DB: >-
      AgAEKeIR3aRVGfTknORU2aRbuyf30IRTWj3HrwoQ5T43ggSBK+LBmYyP5G8F0xLZUt9K+GSWf7PE1Tgc7sV2T8hdSEm1eVjx08rFbbIX7Sm9Jl/2dhBa+e9GFlF25kE4cGOmHp/ldwQdcYi/Crcg5mLwSC5i3MUGRTtFEjBTSFIuk2Vcnq45JcvqMEilBG3rMTczwfgtNgYgbOZPv4l+TJfSrGFEcDpNIXM3JB7atdQ8wKCs9beeRCymeLs/GIMwyUto/bUPsiwDbmdNhzNj2lZ57RnQq8V/G/y7/l1O8dH9K/g1zHEBZ5t2LYG3nLAhz4oLOyDoFGRtcHzzghu253DaqVy357i4UtAtHJn5pgxK5sp4uA2pT8txsWTCOx1n4C1zlsxxi1aB8ggB5qxsEzk1QUQKs6Q7YLoWzMJOHW/bJse1Xl0tDtVdQe5/fPh3UJ3Es9v7figcUbkgEHtds13jV2jiT8wK21bYv1p/AK/z08YeE0yvn+IDnLlSgpHjzrBmWrSW1FeObL1KkAERN/wvhn0pTB2Ocyig2v5FlPh5NUteAPoFayLHtMDmOwfxb9rcW1IijS/skXG1Lpn7vCaM68DriTvPfy48NSr3KqG/IdhWBkVmxP1uOoxTGC3UXfFuDRv0gAbqop2O1cONZ4pIABG7e//9zNEGQC+hrqkJ4vMZ1a1qLRF4CR4u3aJe8Yf48sY=
    PG_SSL: >-
      AgCVG5yYP4tXy4alljWyozHVSXkQmhwyYz/vXhDSt8KGrV9FUT4dKzdooSHmvV3Ojagp8x2Idr6/GZXbtHMawvLPa7f7vyXDpQEmxMltLVGvZKzOc07mD5uw4Nuru/K4wIpnGQ63AGk4wpMIJ8hWhmXjB54E7eF0+u5QJdj+Gp6nIqM1xJDGM22jBLnJEzkZOBJbzZSf6Uiz6fdvR5fZgoHz+iCKa0I5gWOgOcABxHKtEbcn+oV50OXCJ0Q66lRDHFICW/3m4I284LTFFxzUmnExaYFUAuUMO8m/Moeh5FpGW3ap7ZVn8GYWvn0mXLMiAXdMmQyeqB1DOKHZgwSXc/+2PK1MyFEnowB77dvevYbQzZcAxRBZOj9G00dkLw5rgA4EF47cm0h/5A8Ww/n96+BX3xtT80ynKL2z2sS/BtpY+jnw53tggdnJIUeAaQgfUZeBePFMicLUV/YWvB7Vora4DoSPMecT8kOXCk3ELoffyNH2msJpbjP/CGUlWVaPIoui44ATkriutnl5i+JIMgtp92ePdIblFZll8KJ9zkhFJamiDMNgsEtcEc0QXk2gFMuh1aZ3XFY/927mjWVGzXiquaIffn9l5IubElUDlOXS2V6NGihij3YOfZ2wMem5IWf2tlstiidXgpKrJa9N5iGOds+NNaXPbtAwTfvwULwQFtnMRqsLRu5F43eOpN1slXzgRPHf
    MAIL: >-
      AgB+vW5h4hFNpF/NauXXF9IMmeMcGUYOdWlkscoOWC2TabZEiPKUcOt0JugDaJtlkivhimM5QpAlZoAkjhCTl/KKt4hroN2G9dezK3lydBJqDshKqCpu492ogOxKpNUV0uoz1vsHBcpslsnww0wfiGTUqLmwZhSrjXX4kpjwpDgFB2fMRlN7XA0ELaSwMSHMvezxl4v6640kcHxXFcRO1uRTvjQY1oANSZEnlahvegSz/6m5COVdQsQOgPda/zZP/MXKLlyQXzI0hHQJa6cLeLE3mTw5AMtG8/ukcCU77ajyTcJc8ERpANML7IL56lo2CsoElv1+culf0FtupOxfGSjFg7pYGbh+1pvT77Hof8UArXoC0/MeiAjE3fl8ikoHkcd73FHr4TmCEXnMj+tfrAypwRDFCegxuFmx++HEczUObl0vyQIt0n2K+FuPR5JF/AlvZWoldWPKHZwjC4zYAneTBTpxsNQer0pwU/gp0G5lIt8LMC2JqsJkhqWis6vKT2tlQakrVO5ydTcCVCEUVg7Axvjd0hy1JGs064EC8oqiASXvkd54VFZ1dN3hZnQr+e5oF28Ntzc6YjJoxN8VQ/YmmdGkuTZNKnXj8QnJL7BuGUN1DhObunIYyOeiDN01YKPobRICOXp4pERoihKISy+72c3aZiCkHwsWlyrdKIm1TNotD0vaORhQkMUMTviuK5DFwFrp5gyRIqaFY0dJn4kJwyPa/soeagr+s2qgm4/Rpe78/6S3jIOCwhG2RS6YdTabGvQ/TOIds58QaolBgpLsAA+/eFHuP3jv5GHHFxqYam4HvAdVqHe8IZediXUYHKKWBn6WeITz/uFQuV+pFUEFFBILVjVvfPu7+Zp1Q+STTODkYMg4/yLoTP15kXunReMaXqyLNThG/ClXsv6IVgdbtW8bHQXH9uowPOcNXqddS9u/y1XEvRzEiowf03j51QdafMcq3tmp4ieJTpL0GASNawUV4mKi5CasyHwb30fxAdeQ130DoQ==
    API_GOUV_TOKEN: >-
      AgAaD3zkxxlCOMg8DKexeRKIZe+Jmcoa/HE2BSRJIpIwuZghXZPPfgM+xVw4onZnkuBAatDuXk8hRRF/e/jSDmWUCA3zbuQZuuTL+KeNaAfTKucfnhemRKdkFhV6S47EC2TgZc/WktYUCfUoZRfmHFcieug2gdRjbD4FzmhwNfH/ypGdRRYYNdjO1pvSC9fJWnmKI1yv68oDakh6Cc4nZn2rS+jrFvZUfDCcF4rBXdMLeIdYZPn7HqnkU4S3w7aSZ4KYxnrM5C2HRwN+0xq2PwYrsu/dUfX7eJtHHfjaf8Cy6xXRvxiHIbDA83ljaSd15ateQtapd+sfa9vuBJgFhDGod5XbQa1voeAemItnkRE9lTYBHLckd7aQR9jSDtxTBUcb9ImlcfP15S2/8wCRvIM1TqKhBeMFdAR4SsmXCwLV3pHUd6bMWX0yGbSJE9/sxhkZ5VeSbJXpJ0obE006D0Yr6YQ7AAycATt+hLdYQB6O1SJ0BbK45R9m0kCAYWERMHxrTX8d6vihshXMeC3YUgFpjRmJVFUKWOiM5GeG4A+L0Ynv4A8talPeneIxVkRvaHfpcS0DLkO6oBUbfGoblJJHHaN7OVzY+mM6hs/VhBPvJC0WK75p+VuZzj29tM37xKMyhqXVyJTouZ6+Tis6V45Duas6mI4JkMPbohuq5jaCxQLn3iiEu8UkAvZHvMmy/+iSL+stY93c1n/bvTWhddO0tEqTFTeMyxByqSqtbU2EZAqYYVy3+cvARP3W9QZGrr0J0w63FGt9jya5QnTTsSR6K0ENGrFKJlYtoXsRDIaVZmqhj+2+pT1kFxzjjWUaciSiddnSevq7KjEy62fbl4K2gw/6X3Pc+JXKWcUpa5rNu/Zup5yNDnnjmEEOIVf+wYIlYGnNVDt+7rj4oKjPcxB/jr0nU9fL6dwpBF+VgXi8AX0vUAa8o1Q9KAuryrHxLeP3E1zjMRRPISkjiGXoqabYYIzdsVSPIL3xi7IJipeihvHMyMBm7XZstgbQBpj5zJdFoAxyvI4OWbD0yxY9qfaeYLjniHaHmCsci9GbZ/mIhE1fTlro2qy1Y2KDebcclYZfkDRFpghH1DaZuQw7i4EV1ppgAiHtLqC/kV06Bl8TemSzZHE4Lq9r/Xnre3Sa6VLASQtr1yICVvDtc8IAp8Q+3B69EOj4wX2eENiXjyolot5jXUBJtlrs9Op2zVwlnAdydeRavfOnaqU7cKs6VOH0tp2WrGXTLQfuCIKM7jh/9u9kayGPP7fZ30DW5cuQXxzfKwaUnw86bSGCDtx4IEIuabmHbUlvAoV87MAoI7tTp5ehWKyQb14gmcXz5Vsb4PW6p3+S4EvjdCSgz8ykbNKlQLVY9hx/Zjwdqx41wkIsfuHU4WySVft9r4nmvwEV42YEAuK7iL5x7147i+an3nMCzlMvX+DfTlguejEjcx4qbHx8eIpnPrL7+Ji+TqPsYRT0/IoFKpV9Wxdg724OLgmkgw+1i94TYBZGSkvV6QfJoOBo7eL4DONueGlTTLhMUDeN
    API_SIRENE_BASIC_AUTH: >-
      AgAIRVZY8wNGeBJ8x/BQiVnB+Cq/tx2pVpLNVWH90hHWsiaYtW21BbmOdTgK8QttfF7n9OpLww/mfSr9kCPGHaQ+JULR3gQd0g134ythwa40KnUZdJ8FDbJ1I4clMKrjwaF8GtDYazwAaeu3aLRqEBnR0ITy48Fx9DboabJg5PJtiBhncCzgKr7TdysoncZEDtbsylORIwk3EBnhXXFYP/9r/Qw+K51VVvpSywh92dhPGu1sN/tW7LyhV8z244c817Hk81Ax/RHeZPob1oRV0BfnCT0bOnr84kVF6e+laEeIoruj41CyFdwLWgTx9w7uSX7jSQbaan7xPJkSW+tjYiDb+e+KUCen3piyyamYnP65psA+Qlo2xfywFgFODWvUzzbjGSuKip/tQMT+CAxTaRrn4xXbYG4ADrdw6C2nLIvJS7MlT+nL9z13zLZbKbC5LCqNMLjYlYZ5+YFLRhRuZvXi26uve5z8A3oW5vAISB/kDBJgtA4QSQ8kMfbUu09iisY+WxRah8jeUmlQJDiwIlNzRf0CvSMLa4Ug/9SGxs5L8Tn1CMVvyQWMg4aZWiW1sU5IDhJhetsNaOi4z6m5b16CCeUmXCeI9Yk13nQF3fO+nANPCuv/8Gl2ucg5PEJpKvq6soJWtXE5yzAKPB6df4ga4t/xNXqx85nF8y8yuNO02NHs7KWCj9AoIWSdmAQhOIRFjk4QEZYVCKfljCdzWdwyCyzjDEHeL93p9aZPIm7C/LN920j9D1qC8d4rp9CHhlPp++nJp5f5rc7WXToyaaqjS3LHtG+WmQwobk12
    MAGIC_LINK_BCC: >-
      AgADUyntB5TDLMVNnCnod0sIsNUwV91whJcdi+nuPI98QRll0mzjB7thJufENP15Cz9XzzV6wPIbus6vPnG1JmtvHQ8QnszCHFuujqvY0zut5pRV0EHjbOfEZr+fHgRhQWb+Ez8C8F8mPrxuWY1wvwPvInshfeA4RCiZezJCXRJXM/ctpXSJTDkBKvuklRXAyhKlwa48wqKaZOskdaUliph0d3OCbGMXBOUT1sQQYrzqFPBRY7DVv8MRpAN9syV6SRCN0wbDCTlBg1CQqbkkrgQoHuG8xKPtfzERy4nK5Djf7+neLYAYMTs/sFM0elUyQK6/Pn6iu8Ga9yyXC2SqDgODQbDlOnlRSDg7a2m8kRsQLC4ayC4KD7Up1lMS7TGcFoT8PS7xGIJ208yEUorEv8d7Dt9KcRHhr1FYUb2tmOnSPT+0cMn4Jr0j6yhXnu8a1JBVam9ki/q2yOZzP+dkmx/DXNKisusvcMthdCUKj4BUiTNAFFmesTRTcCTlgWdLLq5eKj5cxPsupLmmVRU0zYCe+fufgVBcRtf2L3bmjzH1GP7xct2NuKhA/250NXnr5U8wXLGuoQnlWr6l+TwN2UHKTlcgORJRc8kUetqHZ6Yj4rb9hKx/t/KRtZd4u5l4PTWVUQnCLmMRjbpXFMweXUl+WF7/g1hZGRypso9MZRvgWyM5zstmzKtnKkVUfyLxrl+Fl1hUyq7xATsUYRSfITnJgvrIsyU9agRnmvjjVgPncTsl7k9lbz0Q3rxvNx7HsOjPI+5aDbKQN+Bn25C3MFnpBCRjlE+1
    MAGIC_KEY_ALLOWED_EMAILS: >-
      AgCU97tujtxjZ/9DAFnICDevCKsV2cWhYy0MGtC3zyuTvo4FnTOa3IEfKbjdc04CqJim/t+Hq3wIgT55+dH/yERJfhevhXOTjmbrSQ38DDSMML7psSHtLcpGtOe1+9KNzUii5WDRU4D3eI6oTBH0hw91HCJDo7Ds04A48D37RXqTjjJOEGeOQzLwSHXomj3TLtJtfXHHQMbd5ricn08xnqWp67S0hIzyViP4kzLJ4e3iySe04AZxOoP/qcTBZDSSrUqrF+Da8pWt84CmTcUSQWjftiWrIHk4sTs5IfRVurQUjH+J6nIKj0UJjgUfoAr4K1gCF1E3kD11cxo7xJOkYxF6FjSNKdUoztuOOVjOCgqvzs10Jk/4LRzQ5FO50f/9yrFWuGmSVzQuM/ypPwov7iUeQk51oNSgkJclHzBGMXBRmsJ1HlgQjX02pwBfZHdnIQ7KzOMjfeojTdwjopaLpaSBEbOhfbLZ+uUFqsm2/yCujuOCR4bk6hSFlcbrcVeNP/sEz0MHrZOitUI3o5cwILanrsr1dK1n2OQPdMq7IkkXxG4r6V0JfRyVWCJiMhDjLFZr85DNNFpy5PhRoWVtPJMPo+f3knpIuwBgmurLsjbuJhjh7/bh06Wj88d7f+hRyChbuXEVgjmj75bTD2cvP+H9yrPgPrqypg0OfzAHCJnGJ2tQKSHvwyaowhdhTC9yzQUOWNjQakndb2jjujyhj13AG/FmnLQVy6QjAOJA7hpTZTfojuZ0KTGsj58Lc6POIRiBkzmnlpO2GFdsNgNryOHvwWi6MxDNuygCeUtm4/lcgF1288jswMKmRy92rWsJ6lGjBUFvYGyTJMqXqY+myWcq1g2MWTGqCQChGea3gNuoPVAXzFNnMulcDa+TTKKdnJwmtE66qFH5Mfg5ezN/rCylJIYo5W3Ttj6QlylFM2dzpBLuAceoCsoRciZZo2opyAiPUaJjZjpWuny/TLU8d+O6A+3AJeG1AbZpKKLfRoeOgmgI26ubB2NIrCFujQ794Vv3jW37GazM2Iw7+8eohg2KZ1Znr+nAFd4CwrgPmyRNEJf5DQVrfDToFpEqyT9+3yFLU657NrrD8DkMHPkwXgXIGCBUoAZbGDcZ3BbSt5Wn7A6du1Z6KsFgpMBPP0yt2Cd7xwrcvsujaPfIWnIJb/gxBMYio0uYci8QUlGeCOSKFKzNHQ+EKWZCQYd2A+CVeuPvBfq81jCXThYbig1vIg6cuYTf0hgAMFqXv50KtLS/C2irchdavWvdFojEOo9FtG5bASFZ311E+8AdpM37XsqSNQhRKkwgQCiFvJpRk8WVUuztiQzcBtFYnnNqm44UQ84BMjnoQjWM2bZleDpObaSOkga7t+1ytAUSYIm0guUnAHnGMI/U1p914EEmYLRU+/I9pGEOlbsjkv9Okarp7RvtsYc3u3f/NHn48fXue4zVhyoUdlfeRrLhtPyDQX3kNcplaEFyQ+JYhDdozlXy9QBn3KRuyZL2QnuI4h/BoTHPgpNCE3AXfzICP0MYUeYAucporz3/s4qzy1kbCb9aVqViRq6ku+dj3ttVQU9qKQLiHw1mqydB4sruuQAzIILA7cmTEZiaF+PVE/Xe9JZU9GKNK3I09EsEUSFxafOlQ25+88YiA4kWxOKx8+z+Eq4g7H9EbuVDLRBev7DAYZZa3qz6C93s28A8sP9703pRf34pZAabDv/bopizBCvIKQVYDuyWOy7x6pSLe9Xkeo/cohdOBCwq8mkciEn2NFcYCiQJsat5MTYPlL1sUdBnp1X2DCeMN6NKMWgnPIoo5C8O3rzzOc6dqmd2jDuAnw2czMMKeBj/0G61M1wM5VjIuziMOy6xZ9FiY7h0ZF8YIeVINVWfrHoBqkPD377VWVI9/DEtb3jMxZDbQ7TEQ+pm3cJQT9WUbhks4jBMoSf5Mjh3i9IiG+qPYf5Kn/NoGqsVTWH41Y1rdKQYJ0Y2L5HuM3S0Tgig4WLqHigQTQjeS8rKDMP6QENjFlJNEBvxm1YCgcnwXE9aCagpSxmO4fkyoY7H4qwKSbgXMpfoo/k0TAq5OXEzVkLBbwe68DMJMNGO7kKdqEIwACnhIt9VrULo0JgnApyX0g4pey38Aw5gtDc7AR44yDapjwL0rCfAwCrFYrAWsKS1Fj23qSb94N5XiKamveQJ6M7hMeJ5mUEMZBG0yi2khYhsQz1pswcSggOi+6cwqSbgRAqpLHzrb02ol1aCo6wyw4pvEZLpDK7ypNogsvY3ECTAf/BqWH80u32XLv1q3uGEd6+4xDB+Fnr6Rzj+oEB6sDncwxOOiYC6XaCy68dQN4NveXLWU8vY3d8LfLlcnMk9dZtR5NpJ3tbpSBWQvz3EnmqtuHA4Jb981oTZTUbYkJoD/JKf72T/qJRA5/Kem6Q9JbVsU1xwGUKUTuZiqWUaoGjK6Ohd2dsHkvg+cBhZvLvu30i6f+PrWTbG2zxLtLuLya/CyAFmBuRNJ1vycx7UQJbaKcUThCiSOs4vFLz3sYjGsUqKyGL6cOuEajzIn4nqCwQtaRt/GnImBwRbLWnaMiwiPnnQVXruegJtTLZWoqc777qcyOAw6sOYqYnKb4Qm71j+vWVMvwuBx+K7s15VqdBHVuITCP52i2Mfaq1gkNyfNjB1vO9RM/H0dA9e55/LStQzLwP3dNIP13LYinLX2eKDiUtATPHajdbQ1TnSYFiEM9vYshdrcBBJAsaBWrOFcgPjiTIwPgUWxvo6g7qOlPCRNUQ1nQGTgglC4u6vy1ErbPzd0vYIwwdNjdZgswxO2zm7oOZ0veuqft2TJnQfJjfAt7cxgi2XOQqnjPCtngsntLl1WJezBFm/474BIcU27/K32V6TNQ2o4Cica7ZHqMxloZv73JUI/qvdtI+oO5P6YaJwQdRVgeseA/79hv0S+mqEl6uwTvYbVEBxGCbAYyiyoFuYSkYDbT90tQU9M7t4VLnc+TXTrvxtqz8XuhiahGbk4dUd5A4hEXwwnB8jTHgIYRfm848LJcE8R2G7eM3LC/tppkmqWMrv/d6n5MGg9feV5BjB3D9tCstwFESv6DXq3lcqQB5RF5dNuQu9suB/Ip0kChqSkgQLp6QXaq5p9tNR4RY2hZxadN6jhr3RWIZABdbH++r2OTPR9brDAnjr9BfX07UyLZ6TXz2CTBNFk7yYEQBjmAwL3FM9qVLn5ScG7cXqYddmdUS6SRaxix3HQUZyOi+/Xqiy45IwkgMI7THR9h6UUAhzFSazWu0nbISyw3qYMTThZuWWHrkZdr+aJUTGTKUW6auTqvUyacugbmgr52KSqYQGlfGEOKI+4694xvIPNyyI/VoFgrg0ANXzNsOYoFifsoO5nnCqT7FI9e5U4zw4xSNx0Y2cSyzxwJQKSe7RCHq6bxMX29WHmrE82KohIQhRmn/2UsleZ3LGZMhFaXk+0Mh8TTYohjuTnw/zf/HN1gVgrDtw4xQPjm8v7npvjQflQ/O3GZIlWUdcY7PwBTGjRgS1ycK9bZ19gHLaZabkMWV7ISFMMavOpf2smDFFKwNIF7pb7zhp5VUG+8J1GaZTz/cRwEzYU9MVNNROX/69R3+H8ScxtISGdxle71C0k8AHAXwN0hr3M4yQnDaizk6qyopqAfdLuEr+wKN0IYT8mnp6aZlv5PrAfQaknDUdwCcedSaOvg5ddcFhy8id323Npe78g99T02XQBN+7R7kjvpKXQSwW2GAf4QsRQ0G6hXYDtZ6JbEBL2vHNVaSjf/ueumJWVroE9I2v+Lk6XpGotFF7Xrgs3vVtsY1VmanIv6SMoIJx3QRdHjVr1a/t8dWU5HLK9OSQ8TiR3RWi8WItsOrRmYLefSeF6GNnAEgnHdX0N5IQv2CcQbyCLh4sW2kb2rs3U0Yx492uaFLZLOg12e/ZpP5hlSKcN/2LfJELAfSakjWEehtlWnBsof5H7EJ8W8vTf3DQERxaOyDxIV3GS2BVssOV0jHCHDqLMqyvZp7zI7HdkBNrsxdtiYlgB39y+XaM7PA8KKPvhaK/Ta2QCqltks/8CUx5/8YM5ShK/d22CrxC1/0okLWO02Cdgr3b0CwAKmBxxYvVoWtwrfS8iYGOxMslkRn/MON2HfHBOC5jOv3J2yfib5TlrJC5Tp8tjrUgvn1RsrILXlBeO0k7DOw/7NzZAoZ1q42DBMsAQrJDY5eujIbwNo27jYXHjoKW2fyBjGGNnbV2MRXQ+PU77zeDWODFeyYmTIZ9NjwfL2DlTGIX6DnHjywHfjzuWWBZCD74F4T5UslUxiFqW/lSiEDwKg8xAHHlJL38c/gqFQ3DbeX6WCOCrNFl0306rWjyUjlWeS7vIJ/G6hsUzXv6k3S5o7Eiv6jUqp7/BXWZvUR1pEjVempoy32BqHvZcWzJ+OezMH7pJbJJQFJDM7ZGLPTZaStWzIkhxVW0PC71QN1dIDIPXtjzw8itZMHe5T8+/GqPKEhcAqbgd5P8NgqO8GleFLzQVDAhnBcMHMJiMBuUhGriHgq6+oVGTkvHaX9mWQX7MpF2dOktMb8POSbb9biRd2poY7eBd+pX+wtKf6nkP83u7D1c6zEgD3cQik3epQ3FUu0+RylleIb2T3iF7QwctCyVDGBawahAg2IDVzGKJFNpZkz4ai5KQ0o1OUZ0rryqzr5gm6R+lytzQzF9lcKUFAcGjhGX/YV/eJZ7D2Gn8tYZKpndWx8RjBU7vCSrS9WFo9zvFwoNrKfCBK9XnEoyCLzvrMYYW3BgdBawxWx0psrjjlJU6ugIrGjtQLrp1hOgcN5YTkYP2rYuHzVazi8WP4piKFGG5a2aMwyRec2p+3snY6HsQFmPTSI4ZWNA9LW/ZfIeiHlRLZRhMjCArMyREyZI2yPsCgKAeSB6MPlGPHMwxcoR5t5C+u3R/dPeWbfLN4iBpN9BfKfwWwBOO/ZW/P2i17v85XdiIMT4MkA/Ks1gwauqxflNCpEYpY63+NtlLdz1npN89m8nbe1+myxYzhB+BNnL9OL0QxfEgLNURDhwbPPu+9WscV7otjr0+4DMDoEKHY13gQNkYCmn2H74LGgIyWI177VLzukqNRl79Tdye+pA/2s4Kp1EpiiFji8SBFF4zXQERd/6bH8vERc47XSJeG/li4+pNNTXjgFk00zvKkS5pos9qb8S21LdJg6F6h1i2myWib89cOA2++GoqsPo0oEvWgf/8aSOnWUbXfupR0GsAmq8jv6QaeI2byPYpfk/JiQOPsaVsvLH4OyKWdDxy6t64l4WkA5NGnv3j8E1Thne6VLs8JC9e161QVGnpXQnwQTgfvqvDXotGCwoCOacds7UEBbBa5sxXxVedZzvhQUrabTVPI1/XWV5kE3MbJ22oFzo5XUvsFKsTISK0x3lK2fL8j5iSuoUfSmun6UClfch5Sjfy2leW/dzsEg6CiNvvH9P5Q3LL5T2QwnzXHX+ToFcz70siX0di/D4L2QwqZfVpA40K0NTzX/+CcQZhpFaxpCQ1rqv/V/s5L1Z5sJIIkgQhtsVb3YDQPotMq9depXnQGWgnxItDnG2eYf2B6BJsQHR/Pw44+lxIct7Ha5/5BLmr9spZzJ0W6OiVlxSp4TtDv3ioG1+8248wlJdnadffA6IJD4pmGnOfGwCWzQnRV0XP2qKwtwhjVkhM7tm12nFAriWxofZKTe7bFvC3nxkXXRxz6kS4eDz0dAzWXRrU/9kATjRh6F4qsw8AUh/kHXmSwC37eHTc4XSFKYh9HkDXA9psFo+nsvnX9FZ3A6rSwB/vf8VYe0QujvruiDGqL0wYBSS6CKB68ndfuHsg3CGTXhMVpfG6LQHPu1Ks5YaXUPu/nWqwGm13bkKLOdZUZnAZ2zgilGqkthKRUc6ztGGPVMnriAADtHdKSpNgGBGS7wBbYMbSsnu+D9HhNy3ROKLyeYh39CVs+X2dy4726yNDa8LCuYom9TMC6hKLSdl1j3f6iD5nKbaT1Q1Ljcerxxl7yx/el2fjiOOl14GMBskEZkmfljG1X/eHyDyXz3vZD2XKG2RhZGn/eZxLuE8hpMklNaGEDAYlLyZTRmSvxoLq37eC0m4ns9y0sW60pVrXexeosPM99bPp3dxAcZ4folp+kH9yCm63Hzfc1yBiyHHclWqAINPTJnaVarW6x6T5cspesxdg5VVQVreXBylVC2AoyELB81sT00F/czv/2zascIgtHVl/VC2ZEm23kR1stPbj73CuMSJ9+XEGfcKDXRzKOOYsclEpR6nX+/oWdgOv/i80yOGirAgcS8CJDMCu8FzQcx65zr6KjgVztooGhvU9ZkqNsIvobs/Rhlr55zvIP4gnjfmDRzSbfoIBbgNx1I4/IBhnDkolgiJlZtXcJzQhP5LGTl3lkE+/Qc4goj31GnSZOTufeB9qREESK80Gs1aoGmb6VCuG5UFlQGLVWun0pk86RMC5vo/JPw8l+dMb6xjYuYv4NFrONh8O/2VvC5++xwJnfFtuntypZxuHj5SXEdvjLEOFFjbrxtJoGl8vZ7+TPOV9W6lqeeNRn8EJX8EDYSs2jLpKxEvBjwAOhbU/dnvWGedix3ihc27LJELqGv2lCxyyI2sdRttkxXLzOjLOKc3rBEqZ+Uae1fxFfdIrQqdqgNdag/Ohfb2oMRSUO/AvZkHSd5t7uhyPY8MCop7L16HjiazP5+tQPAHc3K0ruqoM30iDl3PyGMWEELsbi2q2VlNoUTRygzmJD/vcyy3kfQtvHyhI5iC/EIQDlW+oU38hOICMkE8t/e5LLRzDXZW3IY/6WYt0khioFyUuqdyPU2O6DqWiuBG9DY7DIaT3dAh7aRYRhQuzt+Ovut0YNrHh8IxK25oD0QUdodeeIp366upyGX9xIqFGBaiLvT6wrwR6c34aXIUam+U43ywR8e5Hko+mcphG/o287iAUOomp402wgLJoE8bZ/yDSe9P0dvL1pIbhhcYP0B0bfrC+5g1Na1dAiO5FqnqgvnLRb9QS2NjdGBUkg9RPD2/lkPPNaJGCRpCWO97VgafzDKgIjflyHmfY7y23aYeYwkLu9EO/djogBmoyQZUXzKBw0x5LFnqX3xx0nwVmziPlkWegOs8I5WPtHI75XHcPfOdOypiznf31YlYlXK5DdOUJ4jIVW5OEfbne0q7K0eH+89YMnlhdyBmLK/KkZRCzdBOUXFbD7NVhq4Lr7WbD54UDPP9JzMRABcbkSwRZ4ZCuBXQwiWa1VZ3BTPBe7zj2pSyUNnUXwi1vpscJ25ZJDifoFPrZ0CS1pLy8YQiO5K9nTnTosjtNJBz+BRaBKjbK5dRV8uA8IBrLqWV6G/a0el+iyUMjVmOmmwbSvo4CbfIMs2oTeFZJT/inX7PL9u3/XNQZERJkrk+XNOuLJPjwfYzigzomCg0KYjwZ1JFV057fDOjGyu1ZjR9P/34vaSy6oXCYrKINRt/UAMoQ1bSSnErzc/TD3VOhHpbd/Z77rU6jj9zwUpYuuD3VvhnZv39IUqL0hH4MSmTABPV++OeX3lWt0/MK/VmGsoKCabIeO7Rr2QlJ7NuwM3gPTII2S19Qu3+U3rxbWkSYgerCzMzp+2RORGj7K7WJDvPtgQw5KMDZ6d5OLu5bpzcgyNKmm8GtWeg3sotvyu9QjcxGGilOq4ou353OMkZDDUx6MaTnKASHNvIx55bJUCiv0QA+fcBZKdvaKRSknBJeAH+D8TTMxYwKKaAqFvDGq/deLSdI4K0QR81oC5bg9nb9czKWiAX+qA0VikFLUXU9bf67MNNdUbJacIO6o96TIlQXWnV2p5djc7ZFOiZKkqwKOsXpDAhCH0mNxYFYpPWLDk5AUeL+n3HePmWogytCFgfhehAQ1nk8IKKs4i61otQO9v5HNUct/PC0yLZKFx5OAZ0s5brruljOv0w6NcpFHK62NKQbSOHfM4xNrObdQaBrijpydJlU1D+DDqhHb5l3wzD0SvEMQpReTeSQRTI/e7lPdvfAsz/5T8qJi8agvBLUGaF+5JZ1+o0RqILFH3dHCM84m+UwNSEZqcO8Z4QQikJ1/0rEOMQC9sKkMLsBi/4R0Iwou8Hp02koVVRvjFPwe9sr3eBBXnobj/0DiRDcKGnyRbpDhloZZo0FcgqZLCoarw5Z7aRa/9J2YpC97+YuxzSRJ7NwcyQOBWlMnD3sdY2iGyzcrfqC0pzxNUfl03HDToM/+xUL5W5XFUCuBdJsPIO6YTq/2igetYixqgpnIyxR2LwndRfOt6MJ4lQcxPsUjwKX1ItIXbnSQp7WTTdKZfEdRlY8c3lOL+5DmtXVCcA8B8DBquapdPhgpVqwAxONzKmtNqZKRJ7FiieW6FAW3p80yFcA02Wq+IBIIjTgJflX8oLqo5meeBr6dkuRXNf6vO0n97/y4OjKNCRmmMuXROrPRHY/aTYfOr1XspRYG70Og6Pj8vDAB+fpqZ84lxgBmfuGL7bf1o3CP1X/KvoQf2JT/bmTMuOVjqVuMco/49Dqxfl3lIo8aRMP5lZQfI+eRBCdKsU3AWwM2qMsIKWCj35XaGVIo5Idc9tnsMyARnluVb1AwPPovQqr0D6JHrUE1YBtCBPVTV/sfqmmBjqC+VotFOHRecZ0uFIm1DBAdHxihTYtEHfzgLX7vaX8RhHVmvnHHWRHDx7/BqcTbbljPAwA+ThATUGQLn33buu8ouT+d0qvXhpn47hIrPxMntvHLhK9hzVk9sxXr1V67CMsdtzDuxikFulXGYG8GCKBSeChwyAvsDQvtrtDp3dqE83TvII7xM2ffPZYD6T76kxkgHRfArZMPq3zcHnxuqmhDvdyrwB/YQUUgkjp9WLtGt1mavyvBgB3zt/6e8DwN19QsGj4o7d752spP/EMcZed9eAFKEhTOJ51PfF8b3DFHUcYBQw7Qyak9b2GzvZFTIt9eR5Q3g6DdXyQOpG261gUc+tcnDkVt4G/5IlsJVrbQPZVErw56R02UCNnRd0dxoWGkSHuVXQHwJA1aDTZsfKHCX625viEWByE5uO3SA1vN3SdWDEGQTNCcvPJFzDzQY9AbMUZWMUHT3BjHHHqKcz/VOxzCmIKM3RTC1zf3e+01nL6lm/TWJHSCiDmEFwz8YxvajXhiYGK7K/AbaabTgg6So3/J2KgRD6+pXxgxRf3TM4pdCWptuPEdqRYDHR5VAUHNpXK/qqcgvqsej/u9bAd2QddTu3heRws4icv/2dnXQEE6ShSPs1hAJyz3TDQTnRJ7EycMrmiKH2KcU5vqpbFE+n1QdhtxKEpJNfC99ccaWUHKR66gqkVPju5HOzjfbO5/67JdAbUXzMA02qViL7XilosQgFpDfQzN6DoTsoq3ojVDJWg45Beh9d7zhhNF1F9/zbNKpew3owVpUScbtey0UerrPVi4OkO2wg2MIUcQrSGFNjsFuULu6U1mz/BmrK893BS9qbwjHCu/jpVjTVpoqXU7ohpBjUOh8E3p9oyiW1MdTBLz7y47MupfvYRObc1Ztur1U2EKiY89P+ONRciKUPeQc5N85eZqdXR2IYSzk6uo9LIfTvdbwL0MGrw/17fwzqVpAk4cNdgAkXNtgHrfhT/uFOtYKGQiDzbGquMl7mhwBLhalJB5bB+HsY9zTa6G0ZRmWmv8Z6E8gPws5PLktAK/anKeH4hRywtZaOKexFlMRIx5xjab5M1Y9VamHs4Z4XC7r2FI1Tg5kL1qYLp49ot3eLy/i0n+mKy+Lh+XSzsx1C0lya8fcPLzF6bhkIlpquSlJnQqUtmflfKEEjqYMHxygR87RjJoI/LgwDiHgfxQ0HCYc1lvVFSLWqdv1AsQDCKSQxmO7dJYQc1Hotc/LkMuyx9W4pmhlScrplvv6FEF04jwBwuE+zwhY4vI4kNYs54SxnfOA3JBw54gs7M6a9s2HWu63eT62U2fPhfmSW48Bnk+JooM/KKh/AD+aXhbKl1YBnJcH33Qq3exV1Jf7FJJOa4L9PCLG898IzgnujvC9nxI+V+vPY3dDeb0Gihd6H589dIaoQI2jDJUM83y2/md81Ph9icatb4N5cRCvOwOHzEA3yMkB3iErN3zn9IKrf0Wqfe6u1r1PeV5Wgz05iukrUxHKJRXpi2duEB4a8HBnnPiPDUYIfecSCHBc669fp6oKLwXJR7xXRvQeF+hu28JqRqY8As3NBc4Y8E8+TZvKAXI+KpoJhauv0+/vc0MS2qK6GMyICQYEL2c8rtp4U0HWQUxOAXyGmH7nOByowUY9pWbpX3QFNSKIz2y9veRymBP+rcaYbRUYwO6MllFbOMrFiBuXQRJKbKbFHTY6SOxWzlD5bUcQR/iTlatpSr3fx8CwhwmiK7bqDAOXYfTcQFrGtUyhrjYuZbx1JPvcOnBIaVluc9j5IaJubB7Oo60Hyw4Zkg2tNtlBcfyF9044b97VaqhVA+uHM48UvAM3Aovu7RlBZtgiURC8uft0k5Gxe/zxsdz2PFXa03OC+YsIPUoH4qXycJqkbGQ1DecPXRaOJWvxVWk4vdZsGw1XGqjBQo+g31UgWuB5q4FuaEpYW34DcCEZ1OPxD7YGsvSW/o/3qIJzWRfFeYfTeBo2V4pJ7J/SKweijmZyikRZveYf6tdB41r6H/zvvB2/zdFGLUcYUfbWmIx4f4ZYw/eRagt2K6bHLX6bkG5Z6lILn5m38Jw4QgvHk+9y5hT/RoCvtgYThg2PU6XnB/U07Bjuw1uFi7ni/cWl3trWk32WKlqGBh83T98NO9+43eP4/ksYEybAfDUqSDDp8WfMtZr41iu6GTw0h0NLcUoJTnH6gwTdJ3M3wezMqjQcvHL/MExAd95N4+mSo2+pFLS7epS5D8GO0BV8rUPmgMLSOuCYbHowgWS2tMeighfnrJgEAkzKdFs11qHb0SOlz4ksCaQDwX6VQMmkwEPBe3PZ40DaGkuwTAjg11WhLTTXn5VLPIn7CM8BOW6VPbCHg5QGFInFORWCFRlIDcZSBYlJip7j3jfRdLcOT/2jJJJd+El6SeoTwZ/qwKgEtO4HDzSTLHCBeR8K4X1BWZ3uBMsAjOPeumlr9lrpPE68sVWUNvnF1ZJtjq1jxfej2uaU3Rz44v11A6M3cVgQ4PaUXSUBzZbrL9mJoGqm7Jkl2Byb2doKGvbDhE49DRqtSp9LZOtoSVQVtbdpRCXaUegB4YmWdIFRucPAJTqnH8FftyzDv8YDbT5UElH7/N6vAK0LHLzRUjNo0clLXUgkDiV53+D0Pn/qkodpG7pGLGwW9C97ez28ccpVv73qqYMlnlek2ZtCVVn+u5TVTgy09rQ==
    JWT_SECRET: >-
      AgB+yvOhCPE584/kNfikpvaNazG8J52d7CeYYz2xD8QR9A38tWJ6gp6tlpYL9yYwTptlg/fkEzUC11wlkJhjDL/6q8NsP4ZvKemmoA02Csaop2qPDBs6j1twfMvOBStqqManl7fbd8AZLNYyYfS4A8/ZncQT9mJU0DUe3ID8vGSOBcnnXFDOIVyUQ003z6+iRyrihu74Ki7S+LSeRsKRgbTjXmHBdspAQPLA+eWWDGXtgRNChDJ4ADMokNMF7Z0QYeLM4OMMMDSD9KZqC92HNWg56WPcJzgVg1ZUKN8DaLzIcppTH+ENAxG00vJCm09NlNVfuP2r2PR1migofPw7yuNcw1JT2eFFnnR/cCtwUFpZ5kC/uimPSxYyRs4BLaJd96pVNkWThxYoG5EkO7P3pgcYWjSC8lQjfYwr6VRyX0eTFFnv0qPvJsIpQvzhVB7ZcFII3URGgLIaGvgPSnetYUe8pKeiLkxxw/Vk5HcHnwTPlB/vZfM+enOyk3OAKjmESnVat9twh3Bu013yTKE2p8KfiNOYK9YIneztExes5thn5U+gubFemQ6TVQy+RAeYf40yWEgfgq21LexeLa/xNTn94vOtBNT2CIovgbO8/Kg2n8NXuLwLSEQziV+6zcVXiOBW/YQVe5Z3zKnKXZxkbAf5CEsLQHJx7ya5ZoxjFKpOGDUSWrhZU3hFkAOKjnE7AxE3ml2kwgnx1HW5wOwsyOozUBLuRd5cD+x80VuEL4nLLIUtWvK84WkbOCGayw==
    JWT_EXPIRE: >-
      AgAc/P4C9ZPkyZs7ZU3GuWyArQwuCEHAmqoHoNoP3sC9LkFmt3crGxOVwmdMvWs7IvW2mrlomlwJ+tBxHknlaODFAljQi6Ds+KaHHkaroGI+PS3AvmtMA9el3b+0D+sDPWzetMUsBaZsZexmd8tta6Pz6u2720OIIL4Y9BtLme3RLA3M0oq8RZBW25Y90H22Y4hIRdwT7GILzZML2HP1JtIw8Y+lKS2llYhOTIlDMxPUVa3ZuOahrHg6eMgrq9Mm5FPi4FqxDY9zyqa7YkUcTrxahHuDw7s7E2jpQb6WxZgkhQ4OoT3Pj+eWd5iSEPoZmKeCM+ATNZfT6qWmcwPR69FokXCA/Bli4/nACCKeE6Zv56+Il/qidGlFR0dckTspo6i8x0bi+AeXxH3QkuGVe4oM1WZiarRzwhROQrefbEmGvMG8LS55Z70JaSMyng3/r8BtaWGPnRJ6luq0SIYCBxauNuxNlJS63D9HgGla8eEFf9SBw+/pKpQLd4YJhFd5tcn2gHzJUKHgsOtfoUbQVYnRF5OEmGjZXtRfu9ouoFAPuWlf7JLnNnKy4JGmUwAGXNFaZSU1PS4YzQp3QhMqpoUwe9YC4WQj5BsqP1ZJTZfP1OI4roflDzQ/3yxAqQyz94s1Y7ustloOKZYGD6bY4mi3HRsaUh4RSdX0AyjP8bwVhCDaQmzVJ1rdhiCsX0Ht7LfC9XA=
    JWT_TEMP_EXPIRE: >-
      AgB3Y2BfHknvk/RghUvv46htsQo49LG/V7J40vWi1jpDbx+91AqE6HTZh+CURkkDjRIFgG+gRaPLE/zgp8XKG6siADByt5iJe6BhHBD9yZy2DBbFXErL/47qaYnMs+9CJ8I5sZqpc91ZOFg3hCkA4MRiSxF4tgHr+YCQd37avObdw4F7EX4YtjegzSHAcuymS4jF0i0wy1SIPTpkudStF5NDalocD6FIHD5wNNr2mwqODkm4Cwowny2tTaG38abp4nQKJm0YyS3q39idPVjCO6896WRnjvs15Q9ayFlG53/DC9CeOXPzxWIJPHic5gCJLyYpR16taiCtSTSLaY/hvyaLTkv9+hbOdrstkgvgrXQVFBJbDIaBeOhlw+08HVP1DBq4Swu1AHqDU+13fPum328qVHEbg8f1tZr+3gGKxVMT5E86MnH/EXyd2LcWlavUxGezBld07vUdo8z114W3249sUMA2DoC89wxTd+Bs/QJ3hBd4ieZtMRrr15xulWCWMs+PKjkNCJ171QHFDr9Bw2gCrOBWIea0KqjuekOmwGG5C0kpz9r23zsXPWc4P8Ud2nd7Qtv++cofW68jcl4Sf31i+60A5BDcMKh85QVyI5A8NOax0MkNuTk6mx5Y1vWXnI+alGgCw39L4/QjMxRXXyZOTrC9sAjjZoht8PeottFAOZn9z+QRzLO/4CNtXNZ+EqG9FArrhzf/
    CREDENTIAL_API_KEY: >-
      AgCGat+R0kK4pdfJhkn7TDsM7VjWC6Ichmrc9pdh9HW+5AbJNk1fPuqU2kbF9nKrptH0MlamXbNIdsuNYT0BNcqlVjhR45DJmtsSovazp+ff4z5zW8SkU/PWsfTpjmTsD+S2vCVVwidcrgOmQG05HO5XO2WIgGvFmUf/BAPHFKu8thJoE6ew1ohkfONZ2FuxxmjQYyxynqIC/+0RO+ctC/LIgyVFcnkHrnIakykEyrtStfw6SJqHjnOVK9rESZptsIlInPHmNEWGyxdPwjYU1u9+33oWWjqZhVIge2f2Q5+iRV8FtMtjwQZtNzrNPkVXxq17t5G1shgzsnaUqtlmEGwmkfOC0O308Z0PUr3yKPpVOhntw7Qjnx5HaTJJvr3HLIGQyRd4DDq6cg6JcvPFsqSmRh9tW1qsbtaRjr9/md7jd6k+lUzOcHXPoFS4YYjWoFO5rMWPVO9ltZXYGVF5JFuXmBehpYAaQW1O02dqBH3CaCUGz9HiRZBvQL6DpvdtVjrI40lAw6Pr6R60gkomigGkU1RN7N0yTgrOeerWJcrwgbBgibTCbjuZRWthSUHeUVBYjYSMLIBkJxFyiJViH4PnEARfpZGtkQGuB/9IsRN9DIjLGri3kLAzjNkl57uBrSsCrD1zBI1ahRxGWC//juRSYDET09vSiEUSm3ybWBMV0R+0SwCF9uNQ37czbbKwJQsxFQ0TSRQKAys6Diu41KmQviAEfdhTEZnETmUSvuUmGQ==
    JWT_APPSEARCH_API_KEY: >-
      AgAD5JrN1L/GPqpV0vOZrAQhCtXINpAIV8Jq08tYA+Vu6tSmohsIzcPHTpuPlp+yvXw66i/U4aYws2HwThVAmMoDpzs4pFwe80NFnszSiF55kY/ZdGClYMH8O0oqywV/n79fZObiKq+JnZuriquWHDcW26thTOic5dgiBHrHanVhAdUCpcYI8HPcFGXeGNuaK1z4uVTiwWogLjujYPQ9lUFAIFTXMV/124XsGsFSNRaJPbhGYg1/VVPphxIyUmkpcPhfhyFgux3BoENnYBMp/OJuH3esrMkRQB7k0f4L1dGQAVcJcaDlG2dkmq/UuIVgD6Z2O+NJNNClXzCu7mAgeVUxkpaKTcWuAAck0AWBPrs6eazj0z3a9+n23FCvkNSRaxS8FKGbLbLiK7CqAZVS/r4vysKY8LsuUuqbHumJwTJlr8AlHwEhZnyDzMscDMt8oZz1IAJtJBlgBRBEK6+kcFMxN09nxMyiIW8w3XG+6/S9ppPLNpNI+ApPKaJdDf7nOfbPqh4dimjBL9ycUGiMHmuI2hW7N2oJ/RhsZHizWz37nE9MJO2xlb1Gh0TJPLnuXdE43pKDH7PTYKGg14xEez4+KbOFXIyahOffP1nQr3EIRv09mgsZUcat3alkice2iTFtSGLiKIWVqpX+wC43HocFIVuDMcLxdqBaUJXlmUU9/PDFxkxsTB/7YUnziJPLfac33OZuwngtXzut9njBodwVn48oe8c+0ULyVO9StjIN6g==
    MAIL_TO: >-
      AgCiLaIAb8brrUj3x/PN6+XTomJQWrD60kMHz70r1jn8pvFJ3krnMFl4v9joW+qKWJuIwVHZLl4LNsnXDIwlHqpM9iYLwJR/Fc/HPma6ktFWKkKXJ13VF1DlC/baShUwoGNlS/V1+8HzAAK4b1b1GdeyKB0QvVEjR6EdvViUxTiMroiaFB/HikLp1ztqF6Whvt0WF+XXvg/obJtW30GVtLk9ucXC4/X+DtUnSn+ejrNAeKZTyG6lj4hXivAPlhL59OJ/UdMYF0+mTCMokg6RpoFbaJI6C60CDzZ923naV+jckUzuuY+/Aw3SfEnTh3YJ+AMByVkcxZ0I0b/kbseyVbgtZBi46VcYDKQfsC5FbeE8ZzPe27vZ5HoJ5QFoXqCcBWCI+OCCimqr2uR+xzirUEdkb5tQgQlugVPcJhJHL/WDuniBaNBWfUV68LVWmadQXZh2JtDadEO7YPE6ddxuimr/qGQrAf3CD/V3+RSqIOmHFyjYskbX1nbDsJefvRclT/A5IGOIwOw+r93Sw6cId46kVeLVvDwD621OxJA3BKvnwtltn1aF9otrWNpG1nF9gtwJJCzWJunOs4uIE+WbFcUHqyrefrU7PaRW+IxIJyD3evd4FdbjdsmwlZqdj2fWut7veu2ogMQ+dKdLRH3E7DIyL+MAnVJhBF1cceVhCYGabXOmH3QnuhMIF3yTfiLXgD0H4JEVAdrasDN713w8ebm+aZ/Lk8OcIzoo/Cg7TMmyUaU=
    MINIO_ACCESS_KEY: >-
      AgCG6OZwnw6iSALIvYPppPzTP5Aui0Xy4gWZgtC9g2M8C552IaIz1KUZkzBsn5nBa6B+zC5TYBCGhMcD4SHhdgvkqfWrd+sTemgNHMXpUmGCcaazJmSBo7SPg+zccp1vrM8fFH2M9An30Ue6VclhLPIldERhySjUTySNLTWdu+zae2Iqlkeql0FKGmsTYsVyf1V39ZkHcc4D/0xEMA5iyVV7QXyPd4EsM9+A0naaayNGvxEAoeZPIF4t54Qw6oEyiGq4/y6SJeTz0NnecuUx+u6qrgYi01G9DF0PFIInnKq7sYniYWH/A/e+eRrutsg16zmnqpbqUhhI2c32RXefRKrR/ktBlGV2U6r6wtUSdxcGwcxm1dQzYYcg+ZGmzuqv1ZqaWrC2sfw+fZ3CO88D/eU26kmwNm0m69xkzoCXkXm0N+c++vwAGsJiTH6NtK7Len7ACgbAixwGi9rUr/nseNFk+7d59garLGRoABPAVew9hHEGY/7bRhdG7Fe7/rEuU+oM58hpTz+Ecdb3C5OyaQB+1/zhR2TFx7YuXpG1OYygJwPW13CEnGUvDkPNMbE1jEwaNCva9zRfinTG4B2bPde8j0aZWHd5y4tGRTlvyCa+LNasKy91sloWSpZhzZ8cEN0AxO4rrpmATOFnhQN9q3rFDMxQmH/PhyP+aipcUyk3YEjes7ZrWcSZzTwnyTHH7e+HpBxX9nYe0w==
    MINIO_SECRET_KEY: >-
      AgBgPeU7/WVSMXwZ4Uez+CAMgg2OwMWVYXcg8i4VTaLDj3z7yKY9hNLOOZPDKkzsLE1qw1lUlwGTzj2AUhitjQ7IlBlDLVVGeutnu52GFFRJOBKJenrT0ulD0Gme2UOyGvvwtbZ5KQ3ccZyCV4DUAFkjrWJkJApYgEwWPgHjuCd48rJPDADCZY7tBqfDv0u1T8n/jxGc0qxxJ3kqkan4wqU28zlVSchW7XN1aqXbXF5hqKTAhfd3adJ2hXk6MbB6B7GI2sGMQL0+/LBMlBgJx0bUTu7+gMeXM4pyboTdx61/RFTCzau1B8TzljmjvJ55VZt9kQOpWYybNTFSYPkc2+NV81Bj+/sTkW4DDlvA4Wf9AKA8++5Un8L1LWqoUZtXTAqWSD/rqXpDy8s5zI8fZVIbZzydaeFKwvojPI4Wp5apDQGk6B6gMwPTZuDZ4J/2VCwf86VfKjP4kKovp9yQvanLGHNXCc3lnlRPsTjnIcONS2i+qJl9gydC71MlDA8tQ+kmYi/tTB5wGpl6U4c0nu5a+SPA4HWIOc5v0gPhPfwX0UWOykoLObwZL7+Bi0TXBNdh+NU3v2894hXkSjA1lF49wvFkx4PCPzue4zrH25aZOaeTuV/0JZW/AOWAwTj4wdPdidUOfqP1QgkpcBZc4ra4gPIHHu+EJ1uZvY0XgwVP3bXJPV4N7tH+YqUTGATFa6edRPfICuqG+VNXCuBjugQKDtEclQ==
    EMAIL_SALT: >-
      AgCrJhGF9OI6y3510geubsFGr8bj+jfpZ4E6fuqLxswHZwkPA/ui/D56+jpO1SBnw37BmdoeVJ4oTxC5hgvguCCLtdxG9HL7Lo7PoraFOSHSJErQBA8R6JF1weskLUCJ1M7Weqybhr71qLefFGXlaoTM5C+EdHl1MvUCMpgW95CRlKmZt02aYcKpXRHJ0PnbZh3okVsY2j5mS92BE4Isjo0/vPNl0mdrh5pt+PxPsSbfZrIZ6TFBNt3rPSZAqiSwO9C7sUd3zBUlJ7r362SaC12C7MfnO0RSWHJ8OHkCsf/1s0vUThKPy1bXsaKY9HVvZR6PKsJiCDW6V3mGwbJ8iLirVxQR5q5vAOqoWGdj7En5tKVhutkIfzcEDDDOPnaWj+31hUUbVzbRLcUw00NilDJZLq/u4W9TgDPpjCuFsgzz7Wlj/VCm7+uZCYuLQJkaw+1JqChVsT84hMwAE7eny+130FBl1+skfaQyuZncwMZ+Xwe0hIEW8v1i89X8usqWNbBOTsYovcEg5iPyb/+vus1dKfFA5JAAKKw7l7s+e//f+Em8M199THJ0nngNuj28uEgHmmSJ3VPT3RJInVRjkGBEOCX0EVRI99cw2xfVb3sePhMV2fMfLS3rfXMqhiNf0y9E9+1EY59CfLSBJ3CxSTwv4ecfe7UwoLIv31mhaGowZypj6eYkN+WMo9GRgzr8EaEJJsbXcuIFEYzhPU7fKgN+c9+RAvSsy1e3U0LjSn3V9g==
    MATOMO_TOKEN_AUTH: >-
      AgA/1zYE8hI48i1Nb4Th6TFbWNBudRDAdGqEY7lP+YRmhFB314FwiN4D3YwWXaiyZHDE7NwMb+Rx/Q9lQ6sBv8KL2vPgX89sY0HxNVj2ZtKRtMeKMQKbL+99ag7uvb99iNjc5Vx//hBv6gtEjV5wBbgOhSw6Zyr+RRDIyz3CJZrm2u/Mb+Fwl/Ld1ID+Rr7XrolxbqOOORB0e0+FG4HdGJQLl22q+ZzDjZ2+/Wth97KBeokdIMiM/eIsAMqMoZgY6B/OXZ7ZyjsFlVvkangA+uTqrKgELoTSHnSoCtpOJ/CE3986RIEHNCH6Vy+qssh76v3tM0YB55wewc69MNwHRWPsnA2VzDvVKFX2+kD3C7toMFhF8/mWYt7kEi+G4PCUp9Dwqm51O+ZUo3Zgs3+X284x92+v8inmbk2JaoqZZtDT9uH+ExwwL9dUxvRBzy49xrCx7eSyjopHbFzEzgVev5H0rzFQKKSuSaViVTh8qwt6je+9pkpZsi9Dh0JSNAXI+lt7/39ptwL4vpWr3Liw5SmEjgHh2pAHoImEwsPh6DHo1WjB3QwCBoj8SsXN4CsI9J1jgnki34j0xzKXXNBf1+UNYZrXRt1Nrynci20in2C8doqXhsmEkjigpTvL0GaEBmh6jsagIUpcbn2sAiupZ1SwUDrR4v/tKhsqheCqyjRkPPJsSvhzmMuTauekYYwqQ61I4rfH3z7WT683VrfRrPqZ3ktgNLFT/hl3HNpfssGAkw==
  template:
    metadata:
      annotations:
        kapp.k14s.io/disable-default-ownership-label-rules: ''
        kapp.k14s.io/disable-default-label-scoping-rules: ''
        app.gitlab.com/app: socialgouv-fce
        app.gitlab.com/env: prod
        app.gitlab.com/env.name: prod
      name: server-env
      labels:
        application: fce
        owner: fce
        team: fce
    type: Opaque
---
apiVersion: v1
kind: ConfigMap
metadata:
  name: server-env
  annotations:
    kapp.k14s.io/disable-default-ownership-label-rules: ''
    kapp.k14s.io/disable-default-label-scoping-rules: ''
    app.gitlab.com/app: socialgouv-fce
    app.gitlab.com/env: prod
    app.gitlab.com/env.name: prod
  labels:
    application: fce
    owner: fce
    team: fce
  namespace: fce
data:
  CLIENT_BASE_URL: client-url
  PORT: '3000'
  MAGIC_KEY_EXPIRE: '3600'
  JWT_APPSEARCH_ADDRRESS: https://appsearch-fce-prod.fabrique.social.gouv.fr/api/as/v1/
  JWT_APPSEARCH_ENGINE_NAME: fce
  JWT_ELASTIC_CLIENT_ADDRESS: http://elasticsearch:9200/
  MINIO_ENDPOINT: fce.minio.fabrique.social.gouv.fr
  MINIO_PORT: '443'
  MINIO_USE_SSL: '1'
  MINIO_ARCHIVE_FILES: '1'
  MATOMO_ID_SITE: '8'
  MATOMO_URL: https://matomo.fabrique.social.gouv.fr
---
apiVersion: v1
kind: Service
metadata:
  labels:
    app: server
    application: fce
    owner: fce
    team: fce
  name: server
  annotations:
    kapp.k14s.io/disable-default-ownership-label-rules: ''
    kapp.k14s.io/disable-default-label-scoping-rules: ''
    app.gitlab.com/app: socialgouv-fce
    app.gitlab.com/env: prod
    app.gitlab.com/env.name: prod
  namespace: fce
spec:
  ports:
    - name: http
      port: 80
      targetPort: 3000
  selector:
    app: server
  type: ClusterIP
"
`;
